1567081116416	mozrunner::runner	INFO	Running command: "C:\\Program Files\\Mozilla Firefox\\firefox.exe" "-marionette" "-foreground" "-no-remote" "-profile" "C:\\Users\\Aman\\AppData\\Local\\Temp\\rust_mozprofile.orD6mE9TvIQ7"
1567081119597	addons.webextension.screenshots@mozilla.org	WARN	Loading extension 'screenshots@mozilla.org': Reading manifest: Invalid extension permission: mozillaAddons
1567081119598	addons.webextension.screenshots@mozilla.org	WARN	Loading extension 'screenshots@mozilla.org': Reading manifest: Invalid extension permission: telemetry
1567081119599	addons.webextension.screenshots@mozilla.org	WARN	Loading extension 'screenshots@mozilla.org': Reading manifest: Invalid extension permission: resource://pdf.js/
1567081119600	addons.webextension.screenshots@mozilla.org	WARN	Loading extension 'screenshots@mozilla.org': Reading manifest: Invalid extension permission: about:reader*
1567081126406	Marionette	INFO	Listening on port 54031
1567081126859	Marionette	WARN	TLS certificate errors will be ignored for this session
JavaScript warning: https://static-exp1.licdn.com/sc/h/br/8stjoe9syvr0sgwzd9uorlvss, line 15340: unreachable code after return statement
JavaScript warning: https://static-exp1.licdn.com/sc/h/br/8stjoe9syvr0sgwzd9uorlvss, line 15336: unreachable code after return statement
console.error: BroadcastService: 
  receivedBroadcastMessage: handler for
  remote-settings/monitor_changes
  threw error:
  Message: Error: Polling for changes failed: http://%(server)s/dummy/blocklist//buckets/monitor/collections/changes/records?_expected=%221567023479829%22 is not a valid URL..
  Stack:
    remoteSettingsFunction/remoteSettings.pollChanges@resource://services-settings/remote-settings.js:201:13

[Parent 6152, Gecko_IOThread] WARNING: file z:/task_1565706750/build/src/ipc/chromium/src/chrome/common/ipc_channel_win.cc, line 307
[Parent 6152, Gecko_IOThread] WARNING: file z:/task_1565706750/build/src/ipc/chromium/src/chrome/common/ipc_channel_win.cc, line 307
1567082219563	Marionette	INFO	Stopped listening on port 54031
[Parent 6152, Gecko_IOThread] WARNING: pipe error: 109: file z:/task_1565706750/build/src/ipc/chromium/src/chrome/common/ipc_channel_win.cc, line 341
[Child 1332, Chrome_ChildThread] WARNING: pipe error: 109: file z:/task_1565706750/build/src/ipc/chromium/src/chrome/common/ipc_channel_win.cc, line 341
[Child 1332, Chrome_ChildThread] WARNING: pipe error: 109: file z:/task[Parent 6152, Gecko_IOThread] WARNING: pipe error: 109: file z:/task_1565706750/build/src/ipc/chromium/src/chrome/common/ipc_channel_win.cc, line 341

###!!! [Child][RunMessage] Error: Channel closing: too late to send/recv, messages will be lost

[Parent 6152, Gecko_IOThread] WARNING: pipe error: 109: file z:/task_1565706750/build/src/ipc/chromium/src/chrome/common/ipc_channel_win.cc, line 341
[Child 14204, Chrome_ChildThread] WARNING: pipe error: 109: file z:/task_1565706750/build/src/ipc/chromium/src/chrome/common/ipc_channel_win.cc, line 341
[Child 14204, Chrome_ChildThread] WARNING:[GPU 13216, C
###!!! [Child][MessageChannel::SendAndWait] Error: Channel error: cannot send/recv

1567083524760	mozrunner::runner	INFO	Running command: "C:\\Program Files\\Mozilla Firefox\\firefox.exe" "-marionette" "-foreground" "-no-remote" "-profile" "C:\\Users\\Aman\\AppData\\Local\\Temp\\rust_mozprofile.Ke81yn2lPCW5"
1567083526758	addons.webextension.screenshots@mozilla.org	WARN	Loading extension 'screenshots@mozilla.org': Reading manifest: Invalid extension permission: mozillaAddons
1567083526763	addons.webextension.screenshots@mozilla.org	WARN	Loading extension 'screenshots@mozilla.org': Reading manifest: Invalid extension permission: telemetry
1567083526764	addons.webextension.screenshots@mozilla.org	WARN	Loading extension 'screenshots@mozilla.org': Reading manifest: Invalid extension permission: resource://pdf.js/
1567083526765	addons.webextension.screenshots@mozilla.org	WARN	Loading extension 'screenshots@mozilla.org': Reading manifest: Invalid extension permission: about:reader*
1567083534036	Marionette	INFO	Listening on port 54787
1567083534211	Marionette	WARN	TLS certificate errors will be ignored for this session
[Parent 11280, Gecko_IOThread] WARNING: pipe error: 109: file z:/task_1565706750/build/src/ipc/chromium/src/chrome/common/ipc_channel_win.cc, line 341
JavaScript warning: https://static-exp1.licdn.com/sc/h/br/8stjoe9syvr0sgwzd9uorlvss, line 15340: unreachable code after return statement
JavaScript warning: https://static-exp1.licdn.com/sc/h/br/8stjoe9syvr0sgwzd9uorlvss, line 15336: unreachable code after return statement
JavaScript warning: https://static-exp1.licdn.com/sc/h/br/8stjoe9syvr0sgwzd9uorlvss, line 15340: unreachable code after return statement
JavaScript warning: https://static-exp1.licdn.com/sc/h/br/8stjoe9syvr0sgwzd9uorlvss, line 15336: unreachable code after return statement
console.error: BroadcastService: 
  receivedBroadcastMessage: handler for
  remote-settings/monitor_changes
  threw error:
  Message: Error: Polling for changes failed: http://%(server)s/dummy/blocklist//buckets/monitor/collections/changes/records?_expected=%221567023479829%22 is not a valid URL..
  Stack:
    remoteSettingsFunction/remoteSettings.pollChanges@resource://services-settings/remote-settings.js:201:13

JavaScript warning: https://static-exp1.licdn.com/sc/h/br/8stjoe9syvr0sgwzd9uorlvss, line 15340: unreachable code after return statement
JavaScript warning: https://static-exp1.licdn.com/sc/h/br/8stjoe9syvr0sgwzd9uorlvss, line 15336: unreachable code after return statement
JavaScript warning: https://static-exp1.licdn.com/sc/h/br/8stjoe9syvr0sgwzd9uorlvss, line 15340: unreachable code after return statement
JavaScript warning: https://static-exp1.licdn.com/sc/h/br/8stjoe9syvr0sgwzd9uorlvss, line 15336: unreachable code after return statement
[Parent 11280, Gecko_IOThread] WARNING: file z:/task_1565706750/build/src/ipc/chromium/src/chrome/common/ipc_channel_win.cc, line 307
[Parent 11280, Gecko_IOThread] WARNING: file z:/task_1565706750/build/src/ipc/chromium/src/chrome/common/ipc_channel_win.cc, line 307
[Child 10548, Chrome_ChildThread] WARNING: pipe error: 109: file z:/task_1565706750/build/src/ipc/chromium/src/chrome/common/ipc_channel_win.cc, line 341
[Child [Parent 11280, Gecko_IOThread] WARNING: pipe error: 109: file z:/task_1565706750/build/src/ipc/chromium/src/chrome/common/ipc_channel_win.cc, line 341
[Child 14512, Chrome_ChildThread] WARNING: pipe error: 109: file z:/task_1565706750/build/src/ipc/chromium/src/chrome/common/ipc_channel_win.cc, line 341
[Parent 11280, Gecko_IOThread] WARNING: pipe error: 109: file z:/task_1565706750/build/src/ipc/chromium/src/chrome/common/ipc_channel_win.cc, line 341
[Child 15324, Chrome_ChildThread] WARNING: pipe error: 109: file z:/task_1565706750/build/src/ipc/chromium/src/chrome/common/ipc_channel_win.cc, line 341
[Child 153console.error: (new Error("SessionFile is closed", "resource:///modules/sessionstore/SessionFile.jsm", 374))
1567083714799	Marionette	INFO	Stopped listening on port 54787

###!!! [Child][MessageChannel::SendAndWait] Error: Channel error: cannot send/recv

